
> build
> npm run lint && npm run test && npm run build:prod


> lint
> eslint . --ext ts,tsx --report-unused-disable-directives --max-warnings 0


C:\future-keepsake-delivery\src\components\ImmersivePreview.tsx
  58:6  warning  React Hook useEffect has a missing dependency: 'simulationSteps.length'. Either include it or remove the dependency array  react-hooks/exhaustive-deps

C:\future-keepsake-delivery\src\components\OnboardingFlow.tsx
  155:6  warning  React Hook useEffect has a missing dependency: 'handleNext'. Either include it or remove the dependency array  react-hooks/exhaustive-deps

C:\future-keepsake-delivery\src\components\OnboardingModal.tsx
  28:6  warning  React Hook useEffect has a missing dependency: 'open'. Either include it or remove the dependency array  react-hooks/exhaustive-deps

C:\future-keepsake-delivery\src\components\admin\AdminCapsules.tsx
  30:6  warning  React Hook useEffect has an unnecessary dependency: 'fetchCapsules'. Either exclude it or remove the dependency array. Outer scope values like 'fetchCapsules' aren't valid dependencies because mutating them doesn't re-render the component  react-hooks/exhaustive-deps

C:\future-keepsake-delivery\src\components\admin\AdminClients.tsx
  59:8  warning  React Hook useCallback has an unnecessary dependency: 'isAdmin'. Either exclude it or remove the dependency array  react-hooks/exhaustive-deps

C:\future-keepsake-delivery\src\components\ui\form.tsx
   25:14  warning  Fast refresh only works when a file only exports components. Move your React context(s) to a separate file                      react-refresh/only-export-components
   46:14  warning  Fast refresh only works when a file only exports components. Move your React context(s) to a separate file                      react-refresh/only-export-components
  147:3   warning  Fast refresh only works when a file only exports components. Use a new file to share constants or functions between components  react-refresh/only-export-components

C:\future-keepsake-delivery\src\components\ui\sidebar.tsx
  627:3  warning  Fast refresh only works when a file only exports components. Use a new file to share constants or functions between components  react-refresh/only-export-components

C:\future-keepsake-delivery\src\components\ui\sonner.tsx
  29:19  warning  Fast refresh only works when a file only exports components. Use a new file to share constants or functions between components  react-refresh/only-export-components

C:\future-keepsake-delivery\src\components\ui\toggle.tsx
  41:18  warning  Fast refresh only works when a file only exports components. Use a new file to share constants or functions between components  react-refresh/only-export-components

C:\future-keepsake-delivery\src\hooks\useSidebar.ts
  92:31  error  Parsing error: '>' expected

Ô£û 12 problems (1 error, 11 warnings)

