src/components/FreeKeepsakeForm.tsx(87,3): error TS2322: Type 'string | undefined' is not assignable to type 'string'.
  Type 'undefined' is not assignable to type 'string'.
src/hooks/useAIQuota.ts(72,21): error TS2345: Argument of type 'string | undefined' is not assignable to parameter of type 'string'.
  Type 'undefined' is not assignable to type 'string'.
src/hooks/useAIQuota.ts(81,12): error TS2769: No overload matches this call.
  Overload 1 of 2, '(values: { id?: string; user_id: string; date: string; huggingface_requests?: number; created_at?: string; updated_at?: string; }, options?: { count?: "exact" | "planned" | "estimated"; } | undefined): PostgrestFilterBuilder<...>', gave the following error.
    Type 'string | undefined' is not assignable to type 'string'.
      Type 'undefined' is not assignable to type 'string'.
  Overload 2 of 2, '(values: { id?: string; user_id: string; date: string; huggingface_requests?: number; created_at?: string; updated_at?: string; }[], options?: { count?: "exact" | "planned" | "estimated"; defaultToNull?: boolean; } | undefined): PostgrestFilterBuilder<...>', gave the following error.
    Object literal may only specify known properties, and 'user_id' does not exist in type '{ id?: string; user_id: string; date: string; huggingface_requests?: number; created_at?: string; updated_at?: string; }[]'.
src/hooks/useAIQuota.ts(106,9): error TS2322: Type 'string | undefined' is not assignable to type 'string'.
  Type 'undefined' is not assignable to type 'string'.
src/hooks/useAIQuota.ts(130,10): error TS2769: No overload matches this call.
  Overload 1 of 2, '(values: { id?: string; user_id: string; date: string; huggingface_requests?: number; created_at?: string; updated_at?: string; }, options?: { onConflict?: string; ignoreDuplicates?: boolean; count?: "exact" | "planned" | "estimated"; } | undefined): PostgrestFilterBuilder<...>', gave the following error.
    Type 'string | undefined' is not assignable to type 'string'.
      Type 'undefined' is not assignable to type 'string'.
  Overload 2 of 2, '(values: { id?: string; user_id: string; date: string; huggingface_requests?: number; created_at?: string; updated_at?: string; }[], options?: { onConflict?: string; ignoreDuplicates?: boolean; count?: "exact" | "planned" | "estimated"; defaultToNull?: boolean; } | undefined): PostgrestFilterBuilder<...>', gave the following error.
    Object literal may only specify known properties, and 'user_id' does not exist in type '{ id?: string; user_id: string; date: string; huggingface_requests?: number; created_at?: string; updated_at?: string; }[]'.
src/hooks/useUserSubscription.ts(102,21): error TS2345: Argument of type 'PlanLimits | undefined' is not assignable to parameter of type 'SetStateAction<PlanLimits | null>'.
  Type 'undefined' is not assignable to type 'SetStateAction<PlanLimits | null>'.
src/hooks/useUserSubscription.ts(137,23): error TS2345: Argument of type 'PlanLimits | undefined' is not assignable to parameter of type 'SetStateAction<PlanLimits | null>'.
  Type 'undefined' is not assignable to type 'SetStateAction<PlanLimits | null>'.
src/hooks/useUserSubscription.ts(142,23): error TS2345: Argument of type 'PlanLimits | undefined' is not assignable to parameter of type 'SetStateAction<PlanLimits | null>'.
  Type 'undefined' is not assignable to type 'SetStateAction<PlanLimits | null>'.
src/hooks/useUserSubscription.ts(161,21): error TS2345: Argument of type 'PlanLimits | undefined' is not assignable to parameter of type 'SetStateAction<PlanLimits | null>'.
  Type 'undefined' is not assignable to type 'SetStateAction<PlanLimits | null>'.
src/pages/CreateKeepsake.tsx(1,8): error TS6133: 'React' is declared but its value is never read.
src/pages/CreateKeepsake.tsx(5,23): error TS2300: Duplicate identifier 'Save'.
src/pages/CreateKeepsake.tsx(5,29): error TS2300: Duplicate identifier 'Home'.
src/pages/CreateKeepsake.tsx(5,35): error TS2300: Duplicate identifier 'Crown'.
src/pages/CreateKeepsake.tsx(5,42): error TS2300: Duplicate identifier 'Zap'.
src/pages/CreateKeepsake.tsx(7,1): error TS6133: 'supabase' is declared but its value is never read.
src/pages/CreateKeepsake.tsx(18,10): error TS2300: Duplicate identifier 'Save'.
src/pages/CreateKeepsake.tsx(18,16): error TS2300: Duplicate identifier 'Home'.
src/pages/CreateKeepsake.tsx(18,22): error TS2300: Duplicate identifier 'Crown'.
src/pages/CreateKeepsake.tsx(18,29): error TS2300: Duplicate identifier 'Zap'.
